2024-10-28 19:30:53,119 INFO This is an informational message.
2024-10-28 19:30:53,120 ERROR This is an error message.
2024-10-28 19:30:56,967 INFO This is an informational message.
2024-10-28 19:30:56,968 ERROR This is an error message.
